 <div data-svelte-h="svelte-156ixv6">Just a dummy page.</div>